utyfull@ubuntuWork:~/Desktop/projects/DOcument$ git branch feature_git_misha
utyfull@ubuntuWork:~/Desktop/projects/DOcument$ git branch feature_merge_misha
utyfull@ubuntuWork:~/Desktop/projects/DOcument$ git branch -a
  feature_git_misha
  feature_merge_misha
* main
  remotes/origin/HEAD -> origin/main
  remotes/origin/main
utyfull@ubuntuWork:~/Desktop/projects/DOcument$ git checkout feature_git_misha
D	Lw1/commit_History
Switched to branch 'feature_git_misha'
utyfull@ubuntuWork:~/Desktop/projects/DOcument$ touch misha.py
utyfull@ubuntuWork:~/Desktop/projects/DOcument$ git push
fatal: The current branch feature_git_misha has no upstream branch.
To push the current branch and set the remote as upstream, use

    git push --set-upstream origin feature_git_misha

utyfull@ubuntuWork:~/Desktop/projects/DOcument$ git push --set-upstream origin feature_git_misha 
Total 0 (delta 0), reused 0 (delta 0), pack-reused 0
remote: 
remote: Create a pull request for 'feature_git_misha' on GitHub by visiting:
remote:      https://github.com/utyfull/DOcument/pull/new/feature_git_misha
remote: 
To github.com:utyfull/DOcument.git
 * [new branch]      feature_git_misha -> feature_git_misha
Branch 'feature_git_misha' set up to track remote branch 'feature_git_misha' from 'origin'.
utyfull@ubuntuWork:~/Desktop/projects/DOcument$ git add --all
utyfull@ubuntuWork:~/Desktop/projects/DOcument$ git push
Everything up-to-date
utyfull@ubuntuWork:~/Desktop/projects/DOcument$ ls
LICENSE  Lw1  misha.py  README.md
utyfull@ubuntuWork:~/Desktop/projects/DOcument$ git branch
* feature_git_misha
  feature_merge_misha
  main
utyfull@ubuntuWork:~/Desktop/projects/DOcument$ ls
LICENSE  Lw1  misha.py  README.md
utyfull@ubuntuWork:~/Desktop/projects/DOcument$ nano misha.py
utyfull@ubuntuWork:~/Desktop/projects/DOcument$ git add --all
utyfull@ubuntuWork:~/Desktop/projects/DOcument$ git commit -m "first commit"
[feature_git_misha e803f03] first commit
 2 files changed, 1 insertion(+), 59 deletions(-)
 delete mode 100644 Lw1/commit_History
 create mode 100644 misha.py
utyfull@ubuntuWork:~/Desktop/projects/DOcument$ nano misha.py
utyfull@ubuntuWork:~/Desktop/projects/DOcument$ git add --all
utyfull@ubuntuWork:~/Desktop/projects/DOcument$ git commit -m "second commit"
[feature_git_misha e72b23a] second commit
 1 file changed, 1 insertion(+)
utyfull@ubuntuWork:~/Desktop/projects/DOcument$ nano misha.py
utyfull@ubuntuWork:~/Desktop/projects/DOcument$ git add --all
utyfull@ubuntuWork:~/Desktop/projects/DOcument$ git commit -m "third commit"
[feature_git_misha 1315e4b] third commit
 1 file changed, 1 insertion(+)
utyfull@ubuntuWork:~/Desktop/projects/DOcument$ nano misha.py
utyfull@ubuntuWork:~/Desktop/projects/DOcument$ git add --all
utyfull@ubuntuWork:~/Desktop/projects/DOcument$ git commit -m "trash commit"
[feature_git_misha 8bf4a0d] trash commit
 1 file changed, 1 insertion(+)
utyfull@ubuntuWork:~/Desktop/projects/DOcument$ git log -p
commit 8bf4a0d28dfa4cbdcee8eea371bf9bf9ebb33863 (HEAD -> feature_git_misha)
Author: utyfull <serg_misha1@mail.ru>
Date:   Thu Mar 14 12:27:32 2024 +0300

    trash commit

diff --git a/misha.py b/misha.py
index a2b1daa..4cf5332 100644
--- a/misha.py
+++ b/misha.py
@@ -1,3 +1,4 @@
 hello world
 other hello
 another world
+trash

commit 1315e4b254f14c8653e42454c7a0ce9716eef9c4
Author: utyfull <serg_misha1@mail.ru>
Date:   Thu Mar 14 12:26:57 2024 +0300

    third commit

diff --git a/misha.py b/misha.py
index 377d1e8..a2b1daa 100644
--- a/misha.py
+++ b/misha.py
@@ -1,2 +1,3 @@
 hello world
 other hello
+another world

commit e72b23a94013ffef78a935d34b6a59811651a4d4
Author: utyfull <serg_misha1@mail.ru>
Date:   Thu Mar 14 12:25:58 2024 +0300

    second commit

diff --git a/misha.py b/misha.py
index 3b18e51..377d1e8 100644
--- a/misha.py
+++ b/misha.py
@@ -1 +1,2 @@
 hello world
+other hello

commit e803f030b7e8b665915b506a9a422fde207eeead
Author: utyfull <serg_misha1@mail.ru>
Date:   Thu Mar 14 12:25:01 2024 +0300

    first commit

diff --git a/Lw1/commit_History b/Lw1/commit_History
deleted file mode 100644
index 1565e04..0000000
--- a/Lw1/commit_History
+++ /dev/null
@@ -1,59 +0,0 @@
-commit 7e59d5da4d76348ca5a63f7c5aea64868c5bafd6 (HEAD -> main, origin/main, origin/HEAD)
-Author: utyfull <serg_misha1@mail.ru>
-Date:   Wed Mar 13 12:24:44 2024 +0300
-
utyfull@ubuntuWork:~/Desktop/projects/DOcument$ git revert 8bf4a0d28dfa4cbdcee8eea371bf9bf9ebb33863
hint: Waiting for your editor to close the file... error: cannot run vscode: No such file or directory
error: unable to start editor 'vscode'
Please supply the message using either -m or -F option.
utyfull@ubuntuWork:~/Desktop/projects/DOcument$ git revert -m "delete trash" 8bf4a0d28dfa4cbdcee8eea371bf9bf9ebb33863
error: option `mainline' expects a number greater than zero
utyfull@ubuntuWork:~/Desktop/projects/DOcument$ git revert HEAD
error: your local changes would be overwritten by revert.
hint: commit your changes or stash them to proceed.
fatal: revert failed
utyfull@ubuntuWork:~/Desktop/projects/DOcument$ git log
commit 8bf4a0d28dfa4cbdcee8eea371bf9bf9ebb33863 (HEAD -> feature_git_misha)
Author: utyfull <serg_misha1@mail.ru>
Date:   Thu Mar 14 12:27:32 2024 +0300

    trash commit

commit 1315e4b254f14c8653e42454c7a0ce9716eef9c4
Author: utyfull <serg_misha1@mail.ru>
Date:   Thu Mar 14 12:26:57 2024 +0300

    third commit

commit e72b23a94013ffef78a935d34b6a59811651a4d4
Author: utyfull <serg_misha1@mail.ru>
Date:   Thu Mar 14 12:25:58 2024 +0300

    second commit

commit e803f030b7e8b665915b506a9a422fde207eeead
Author: utyfull <serg_misha1@mail.ru>
Date:   Thu Mar 14 12:25:01 2024 +0300

    first commit

commit 07de698bf190a58c62b1b9f6adbc42fae84f8372 (origin/main, origin/feature_git_misha, origin/HEAD, main, feature_merge_misha)
Author: Вадим Романов <vadim.romanov.05@list.ru>
Date:   Thu Mar 14 08:00:45 2024 +0300

    Add Vadim's listing from LW1

commit 559320ae2509a114f3bae36e9c81cc4a25a4e282
Author: Kamusheck <144661815+Kamusheck@users.noreply.github.com>
Date:   Wed Mar 13 22:19:35 2024 +0300

    Deleting trash

commit 48a80db658e343b59fa0dee69b05e1bd7edabadb
Author: root <root@Kamila>
Date:   Wed Mar 13 22:16:01 2024 +0300

    adding listing_kamila to Lw1

commit 444aebe5cd517a01837e2be3e95c7428cb89004c
Author: root <root@Kamila>
Date:   Wed Mar 13 21:51:35 2024 +0300

    adding name Kamila in name.py

commit 04eba1c151669572ac17f2c3dfaecacce831e2b0
Merge: 1663780 d9700c1
Author: root <root@Kamila>
Date:   Wed Mar 13 21:11:00 2024 +0300

    Merge remote-tracking branch 'origin'

commit d9700c1326cd3953059b423706ec78381795097e
Author: utyfull <serg_misha1@mail.ru>
Date:   Wed Mar 13 12:43:04 2024 +0300

    some mistake happening(mv history to lw1)

utyfull@ubuntuWork:~/Desktop/projects/DOcument$ git add --all
utyfull@ubuntuWork:~/Desktop/projects/DOcument$ git commit -m "chto proishodit"
[feature_git_misha 9790ab0] chto proishodit
 1 file changed, 1 deletion(-)
utyfull@ubuntuWork:~/Desktop/projects/DOcument$ git log
commit 9790ab06ecf2c799c59f51ac7aa2cffd1b51f9f8 (HEAD -> feature_git_misha)
Author: utyfull <serg_misha1@mail.ru>
Date:   Thu Mar 14 12:32:25 2024 +0300

    chto proishodit

commit 8bf4a0d28dfa4cbdcee8eea371bf9bf9ebb33863
Author: utyfull <serg_misha1@mail.ru>
Date:   Thu Mar 14 12:27:32 2024 +0300

    trash commit

commit 1315e4b254f14c8653e42454c7a0ce9716eef9c4
Author: utyfull <serg_misha1@mail.ru>
Date:   Thu Mar 14 12:26:57 2024 +0300

    third commit

commit e72b23a94013ffef78a935d34b6a59811651a4d4
Author: utyfull <serg_misha1@mail.ru>
Date:   Thu Mar 14 12:25:58 2024 +0300

    second commit

commit e803f030b7e8b665915b506a9a422fde207eeead
Author: utyfull <serg_misha1@mail.ru>
Date:   Thu Mar 14 12:25:01 2024 +0300

    first commit

commit 07de698bf190a58c62b1b9f6adbc42fae84f8372 (origin/main, origin/feature_git_misha, origin/HEAD, main, feature_merge_misha)
Author: Вадим Романов <vadim.romanov.05@list.ru>
Date:   Thu Mar 14 08:00:45 2024 +0300

    Add Vadim's listing from LW1

commit 559320ae2509a114f3bae36e9c81cc4a25a4e282
Author: Kamusheck <144661815+Kamusheck@users.noreply.github.com>
Date:   Wed Mar 13 22:19:35 2024 +0300

    Deleting trash

commit 48a80db658e343b59fa0dee69b05e1bd7edabadb
Author: root <root@Kamila>
Date:   Wed Mar 13 22:16:01 2024 +0300

    adding listing_kamila to Lw1

commit 444aebe5cd517a01837e2be3e95c7428cb89004c
Author: root <root@Kamila>
Date:   Wed Mar 13 21:51:35 2024 +0300

    adding name Kamila in name.py

commit 04eba1c151669572ac17f2c3dfaecacce831e2b0
Merge: 1663780 d9700c1
Author: root <root@Kamila>
Date:   Wed Mar 13 21:11:00 2024 +0300

    Merge remote-tracking branch 'origin'

utyfull@ubuntuWork:~/Desktop/projects/DOcument$ ls
LICENSE  Lw1  misha.py  README.md
utyfull@ubuntuWork:~/Desktop/projects/DOcument$ cat misha.py
hello world
other hello
another world
utyfull@ubuntuWork:~/Desktop/projects/DOcument$ git rebase -i HEAD~4
hint: Waiting for your editor to close the file... error: cannot run vscode: No such file or directory
error: unable to start editor 'vscode'
utyfull@ubuntuWork:~/Desktop/projects/DOcument$ git config --global core.editor "subl -n -w"
utyfull@ubuntuWork:~/Desktop/projects/DOcument$ git rebase -i HEAD~4
hint: Waiting for your editor to close the file... subl -n -w: 1: subl: not found
error: There was a problem with the editor 'subl -n -w'.
utyfull@ubuntuWork:~/Desktop/projects/DOcument$ git config --global core.editor "code --wait"
utyfull@ubuntuWork:~/Desktop/projects/DOcument$ git rebase -i HEAD~4
[detached HEAD e596819] second commit
 Date: Thu Mar 14 12:25:58 2024 +0300
 1 file changed, 2 insertions(+)
Successfully rebased and updated refs/heads/feature_git_misha.
utyfull@ubuntuWork:~/Desktop/projects/DOcument$ git log
commit e596819bbb51f3832012b32831c3f9655e6e6dc1 (HEAD -> feature_git_misha)
Author: utyfull <serg_misha1@mail.ru>
Date:   Thu Mar 14 12:25:58 2024 +0300

    second commit
    
    third commit
    
    trash commit
    
    chto proishodit
    
    better is together

commit e803f030b7e8b665915b506a9a422fde207eeead
Author: utyfull <serg_misha1@mail.ru>
Date:   Thu Mar 14 12:25:01 2024 +0300

    first commit

commit 07de698bf190a58c62b1b9f6adbc42fae84f8372 (origin/main, origin/feature_git_misha, origin/HEAD, main, feature_merge_misha)
Author: Вадим Романов <vadim.romanov.05@list.ru>
Date:   Thu Mar 14 08:00:45 2024 +0300

    Add Vadim's listing from LW1

commit 559320ae2509a114f3bae36e9c81cc4a25a4e282
Author: Kamusheck <144661815+Kamusheck@users.noreply.github.com>
Date:   Wed Mar 13 22:19:35 2024 +0300

    Deleting trash

commit 48a80db658e343b59fa0dee69b05e1bd7edabadb
Author: root <root@Kamila>
Date:   Wed Mar 13 22:16:01 2024 +0300

    adding listing_kamila to Lw1

commit 444aebe5cd517a01837e2be3e95c7428cb89004c
Author: root <root@Kamila>
Date:   Wed Mar 13 21:51:35 2024 +0300

    adding name Kamila in name.py

commit 04eba1c151669572ac17f2c3dfaecacce831e2b0
Merge: 1663780 d9700c1
Author: root <root@Kamila>
Date:   Wed Mar 13 21:11:00 2024 +0300

    Merge remote-tracking branch 'origin'

commit d9700c1326cd3953059b423706ec78381795097e
Author: utyfull <serg_misha1@mail.ru>
Date:   Wed Mar 13 12:43:04 2024 +0300

    some mistake happening(mv history to lw1)

commit 0d3f04707370bffc62eddcfe4ef79587a36569b6
Author: utyfull <serg_misha1@mail.ru>
Date:   Wed Mar 13 12:42:07 2024 +0300

utyfull@ubuntuWork:~/Desktop/projects/DOcument$ ls
LICENSE  Lw1  misha.py  README.md
utyfull@ubuntuWork:~/Desktop/projects/DOcument$ git add --all
utyfull@ubuntuWork:~/Desktop/projects/DOcument$ git push
Enumerating objects: 9, done.
Counting objects: 100% (9/9), done.
Delta compression using up to 4 threads
Compressing objects: 100% (5/5), done.
Writing objects: 100% (7/7), 649 bytes | 649.00 KiB/s, done.
Total 7 (delta 2), reused 0 (delta 0), pack-reused 0
remote: Resolving deltas: 100% (2/2), completed with 1 local object.
To github.com:utyfull/DOcument.git
   07de698..e596819  feature_git_misha -> feature_git_misha
utyfull@ubuntuWork:~/Desktop/projects/DOcument$ ls
LICENSE  Lw1  misha.py  README.md
utyfull@ubuntuWork:~/Desktop/projects/DOcument$ git push --set-upstream origin feature_merge_misha
Total 0 (delta 0), reused 0 (delta 0), pack-reused 0
remote: 
remote: Create a pull request for 'feature_merge_misha' on GitHub by visiting:
remote:      https://github.com/utyfull/DOcument/pull/new/feature_merge_misha
remote: 
To github.com:utyfull/DOcument.git
 * [new branch]      feature_merge_misha -> feature_merge_misha
Branch 'feature_merge_misha' set up to track remote branch 'feature_merge_misha' from 'origin'.
utyfull@ubuntuWork:~/Desktop/projects/DOcument$ ls
LICENSE  Lw1  misha.py  README.md
utyfull@ubuntuWork:~/Desktop/projects/DOcument$ cd Lw1
utyfull@ubuntuWork:~/Desktop/projects/DOcument/Lw1$ ls
listing_Ivan  listing_Kamila  listing_Vadim.txt  name.py
utyfull@ubuntuWork:~/Desktop/projects/DOcument/Lw1$ nano name.py
utyfull@ubuntuWork:~/Desktop/projects/DOcument/Lw1$ ls
listing_Ivan  listing_Kamila  listing_Vadim.txt  name.py
