ivan@ivan-ASUS:~$ git clone https://github.com/utyfull/DOcument
Клонирование в «DOcument»...
Username for 'https://github.com': IvanTatarkin
Password for 'https://IvanTatarkin@github.com': 
remote: Enumerating objects: 11, done.
remote: Counting objects: 100% (11/11), done.
remote: Compressing objects: 100% (7/7), done.
remote: Total 11 (delta 2), reused 5 (delta 1), pack-reused 0
Получение объектов: 100% (11/11), готово.
Определение изменений: 100% (2/2), готово.
ivan@ivan-ASUS:~$ git checkout -b Ivan
fatal: не найден git репозиторий (или один из родительских каталогов): .git
ivan@ivan-ASUS:~$ cd Document
bash: cd: Document: Нет такого файла или каталога
ivan@ivan-ASUS:~$ ls
 11_listing   Inf_Labs         README.md   Документы     Общедоступные
 DOcument     lab8.c~          snap        Загрузки     'Рабочий стол'
 fff          listing_10_lab   turing      Изображения   Шаблоны
 files.txt    listing.txt      Видео       Музыка
ivan@ivan-ASUS:~$ cd DOcument
ivan@ivan-ASUS:~/DOcument$ git checkout -b Ivan
Переключились на новую ветку «Ivan»
ivan@ivan-ASUS:~/DOcument$ git touch test
git: «touch» не является командой git. Смотрите «git --help».
ivan@ivan-ASUS:~/DOcument$ touch test
ivan@ivan-ASUS:~/DOcument$ git add --all
ivan@ivan-ASUS:~/DOcument$ got commit -m 'add_file'
Команда «got» не найдена, но есть 17 похожих.
ivan@ivan-ASUS:~/DOcument$ git commit -m 'add_file'
[Ivan 8bc6160] add_file
 1 file changed, 0 insertions(+), 0 deletions(-)
 create mode 100644 test
ivan@ivan-ASUS:~/DOcument$ git push
fatal: Текущая ветка Ivan не имеет вышестоящей ветки.
Чтобы отправить текущую ветку и установить внешнюю ветку как вышестоящую для этой ветки, используйте

    git push --set-upstream origin Ivan

ivan@ivan-ASUS:~/DOcument$ ^C
ivan@ivan-ASUS:~/DOcument$ git push --set-upstream origin Ivan
Username for 'https://github.com': IvanTatarkin
Password for 'https://IvanTatarkin@github.com': 
Перечисление объектов: 4, готово.
Подсчет объектов: 100% (4/4), готово.
При сжатии изменений используется до 12 потоков
Сжатие объектов: 100% (2/2), готово.
Запись объектов: 100% (3/3), 266 байтов | 266.00 КиБ/с, готово.
Всего 3 (изменений 1), повторно использовано 1 (изменений 0), повторно использовано пакетов 0
remote: Resolving deltas: 100% (1/1), completed with 1 local object.
remote: 
remote: Create a pull request for 'Ivan' on GitHub by visiting:
remote:      https://github.com/utyfull/DOcument/pull/new/Ivan
remote: 
To https://github.com/utyfull/DOcument
 * [new branch]      Ivan -> Ivan
Ветка «Ivan» отслеживает внешнюю ветку «Ivan» из «origin».
ivan@ivan-ASUS:~/DOcument$ git checkout main
Переключились на ветку «main»
Эта ветка соответствует «origin/main».
ivan@ivan-ASUS:~/DOcument$ git merge Ivan
Обновление e19022a..8bc6160
Fast-forward
 test | 0
 1 file changed, 0 insertions(+), 0 deletions(-)
 create mode 100644 test
ivan@ivan-ASUS:~/DOcument$ git push
Username for 'https://github.com': IvanTatarkin
Password for 'https://IvanTatarkin@github.com': 
Всего 0 (изменений 0), повторно использовано 0 (изменений 0), повторно использовано пакетов 0
To https://github.com/utyfull/DOcument
   e19022a..8bc6160  main -> main
ivan@ivan-ASUS:~/DOcument$ git show
commit 8bc6160549a67ee7358ed6483779bbb1f48a4901 (HEAD -> main, origin/main, origin/Ivan, origin/HEAD, Ivan)
Author: IvanTatarkin <ivankrut9@yandex.ru>
Date:   Sun Mar 10 10:50:11 2024 +0300

    add_file

diff --git a/test b/test
new file mode 100644
index 0000000..e69de29
ivan@ivan-ASUS:~/DOcument$ git merge Ivan
Уже актуально.
ivan@ivan-ASUS:~/DOcument$ git rebase
Текущая ветка main уже в актуальном состоянии.
ivan@ivan-ASUS:~/DOcument$ git branch -D Ivan
Ветка Ivan удалена (была 8bc6160).
ivan@ivan-ASUS:~/DOcument$ git add --all
ivan@ivan-ASUS:~/DOcument$ git commit -m 'delete_Ivan'
Текущая ветка: main
Эта ветка соответствует «origin/main».

нечего коммитить, нет изменений в рабочем каталоге
ivan@ivan-ASUS:~/DOcument$ git push
Username for 'https://github.com': IvanTatarkin
Password for 'https://IvanTatarkin@github.com': 
Everything up-to-date
ivan@ivan-ASUS:~/DOcument$ git branch
* main
ivan@ivan-ASUS:~/DOcument$ git add -all
error: имелось в виду `--all` (с двумя дефисами)?
ivan@ivan-ASUS:~/DOcument$ 
ivan@ivan-ASUS:~/DOcument$ git add --all
ivan@ivan-ASUS:~/DOcument$ git commit -m 'delete_Ivan'
Текущая ветка: main
Эта ветка соответствует «origin/main».

нечего коммитить, нет изменений в рабочем каталоге
ivan@ivan-ASUS:~/DOcument$ git push
Username for 'https://github.com': IvanTatarkin
Password for 'https://IvanTatarkin@github.com': 
Everything up-to-date
ivan@ivan-ASUS:~/DOcument$ git branch
* main
ivan@ivan-ASUS:~/DOcument$ git branch
* main
ivan@ivan-ASUS:~/DOcument$ git branch -D Ivan
error: ветка «Ivan» не найдена.
ivan@ivan-ASUS:~/DOcument$ git push origin --delete Ivan
Username for 'https://github.com': IvanTatarkin
Password for 'https://IvanTatarkin@github.com': 
To https://github.com/utyfull/DOcument
 - [deleted]         Ivan

